Microchip MPLAB XC8 Compiler V2.05 ()

Linker command line:

-W-3 --edf=C:\Program Files (x86)\Microchip\xc8\v2.05\pic\dat\en_msgs.txt \
  -cs -h+dist/default/production\SQ_01.X.production.sym \
  --cmf=dist/default/production\SQ_01.X.production.cmf -z -Q16LF1559 \
  -oC:\Users\DUYNGO~1\AppData\Local\Temp\s4uc.2 --defsym=__MPLAB_BUILD=1 \
  -Mdist/default/production/SQ_01.X.production.map -E1 -ver=XC8 \
  --acfsm=1493 -ASTACK=020C4h-021EFh -pstack=STACK -ACODE=00h-07FFhx4 \
  -ASTRCODE=00h-01FFFh -ASTRING=00h-0FFhx32 -ACONST=00h-0FFhx32 \
  -AENTRY=00h-0FFhx32 -ACOMMON=070h-07Fh -ABANK0=020h-06Fh \
  -ABANK1=0A0h-0EFh -ABANK2=0120h-016Fh -ABANK3=01A0h-01EFh \
  -ABANK4=0220h-026Fh -ABANK5=02A0h-02EFh -ABANK6=0320h-032Fh \
  -ABIGRAM=02000h-021EFh \
  -ARAM=020h-06Fh,0A0h-0EFh,0120h-016Fh,01A0h-01EFh,0220h-026Fh,02A0h-02EFh,0320h-032Fh \
  -AABS1=020h-07Fh,0A0h-0EFh,0120h-016Fh,01A0h-01EFh,0220h-026Fh,02A0h-02EFh,0320h-032Fh \
  -ASFR0=00h-01Fh -ASFR1=080h-09Fh -ASFR2=0100h-011Fh -ASFR3=0180h-019Fh \
  -ASFR4=0200h-021Fh -ASFR5=0280h-029Fh -ASFR6=0300h-031Fh \
  -ASFR7=0380h-03EFh -ASFR8=0400h-046Fh -ASFR9=0480h-04EFh \
  -ASFR10=0500h-056Fh -ASFR11=0580h-05EFh -ASFR12=0600h-066Fh \
  -ASFR13=0680h-06EFh -ASFR14=0700h-076Fh -ASFR15=0780h-07EFh \
  -ASFR16=0800h-086Fh -ASFR17=0880h-08EFh -ASFR18=0900h-096Fh \
  -ASFR19=0980h-09EFh -ASFR20=0A00h-0A6Fh -ASFR21=0A80h-0AEFh \
  -ASFR22=0B00h-0B6Fh -ASFR23=0B80h-0BEFh -ASFR24=0C00h-0C6Fh \
  -ASFR25=0C80h-0CEFh -ASFR26=0D00h-0D6Fh -ASFR27=0D80h-0DEFh \
  -ASFR28=0E00h-0E6Fh -ASFR29=0E80h-0EEFh -ASFR30=0F00h-0F6Fh \
  -ASFR31=0F80h-0FEFh -preset_vec=00h,intentry=04h,init,end_init \
  -ppowerup=CODE -pcinit=CODE -pfunctab=ENTRY -ACONFIG=08007h-08008h \
  -pconfig=CONFIG -DCONFIG=2 -AIDLOC=08000h-08003h -pidloc=IDLOC -DIDLOC=2 \
  -DCODE=2 -DSTRCODE=2 -DSTRING=2 -DCONST=2 -DENTRY=2 -k \
  C:\Users\DUYNGO~1\AppData\Local\Temp\s4uc.o \
  dist/default/production\SQ_01.X.production.o 

Object code version is 3.11

Machine type is 16LF1559



                Name                               Link     Load   Length Selector   Space Scale
C:\Users\DUYNGO~1\AppData\Local\Temp\s4uc.o
                end_init                             23       23        2        8       0
                reset_vec                             0        0        2        0       0
                config                             8007     8007        2    1000E       0
dist/default/production\SQ_01.X.production.o
                cinit                                25       25       34        8       0
                intentry                              4        4       1F        8       0
                text98                              8C5      8C5       17     118A       0
                text97                             16AE     16AE        3     2D5C       0
                text96                             16AB     16AB        1     2D56       0
                text95                             16BD     16BD        4     2D7A       0
                text94                              BEE      BEE       32     17DC       0
                text93                              9AA      9AA       1E     1354       0
                text91                             16C1     16C1        4     2D82       0
                text90                             16C5     16C5        4     2D8A       0
                text89                              90B      90B       19     1216       0
                text88                              924      924       19     1248       0
                text87                              C8C      C8C       41     1918       0
                text86                              A4C      A4C       25     1498       0
                text85                             16B1     16B1        3     2D62       0
                text84                             16DB     16DB        6     2DB6       0
                text83                             16E1     16E1        6     2DC2       0
                text82                              93D      93D       19     127A       0
                text81                              F7D      F7D       83     1EFA       0
                text80                              803      803       11     1006       0
                text79                              8AF      8AF       16     115E       0
                text78                              D0E      D0E       46     1A1C       0
                text77                             1795     1795        E     2F2A       0
                text76                              B37      B37       2B     166E       0
                text75                              779      779       87        8       0
                text74                             17C0     17C0       10     2F80       0
                text73                              BBD      BBD       31     177A       0
                text72                             174C     174C        A     2E98       0
                text71                             16AC     16AC        1     2D58       0
                text70                              85D      85D       14     10BA       0
                text69                              E4F      E4F       5C     1C9E       0
                text68                              DF4      DF4       5B     1BE8       0
                text67                              5C7      5C7       95        8       0
                text66                              871      871       14     10E2       0
                text65                             17A3     17A3        E     2F46       0
                text64                              D54      D54       50     1AA8       0
                text63                             17B1     17B1        F     2F62       0
                text62                             17D0     17D0       10     2FA0       0
                text61                              B62      B62       2C     16C4       0
                text60                             1733     1733        8     2E66       0
                text59                             176E     176E        D     2EDC       0
                text58                             1756     1756        C     2EAC       0
                text57                              8DC      8DC       17     11B8       0
                text56                              6EF      6EF       8A        8       0
                text55                             177B     177B        D     2EF6       0
                text54                             17E0     17E0       10     2FC0       0
                text53                             1743     1743        9     2E86       0
                text52                              474      474       AB        8       0
                text51                             16D1     16D1        5     2DA2       0
                text50                             16B4     16B4        3     2D68       0
                text49                             16B7     16B7        3     2D6E       0
                text48                              2B6      2B6      1BE        8       0
                text47                              F07      F07       76     1E0E       0
                text46                             1717     1717        7     2E2E       0
                text45                             171E     171E        7     2E3C       0
                text44                              C55      C55       37     18AA       0
                text43                              EAB      EAB       5C     1D56       0
                text42                             16AD     16AD        1     2D5A       0
                text41                              A71      A71       26     14E2       0
                text40                             1725     1725        7     2E4A       0
                text39                              65C      65C       93        8       0
                text38                              885      885       15     110A       0
                text37                             172C     172C        7     2E58       0
                text36                              837      837       13     106E       0
                text35                              A06      A06       23     140C       0
                text34                             16C9     16C9        4     2D92       0
                text33                             16BA     16BA        3     2D74       0
                text32                                2        2        2        0       0
                text31                              971      971       1C     12E2       0
                text30                             16E7     16E7        6     2DCE       0
                text29                             16ED     16ED        6     2DDA       0
                text28                             16F3     16F3        6     2DE6       0
                text27                             16F9     16F9        6     2DF2       0
                text26                             16FF     16FF        6     2DFE       0
                text25                              CCD      CCD       41     199A       0
                text24                              B0D      B0D       2A     161A       0
                text23                              956      956       1B     12AC       0
                text22                             17F0     17F0       10     2FE0       0
                text21                              89A      89A       15     1134       0
                text20                             1788     1788        D     2F10       0
                text19                             1762     1762        C     2EC4       0
                text18                             1705     1705        6     2E0A       0
                text17                              98D      98D       1D     131A       0
                text16                             173B     173B        8     2E76       0
                text15                             16CD     16CD        4     2D9A       0
                text14                              825      825       12     104A       0
                text13                              9E6      9E6       20     13CC       0
                text12                              A29      A29       23     1452       0
                text11                             16D6     16D6        5     2DAC       0
                text10                              C20      C20       35     1840       0
                text9                               A97      A97       26     152E       0
                text8                               8F3      8F3       18     11E6       0
                text7                               DA4      DA4       50     1B48       0
                text6                               AE4      AE4       29     15C8       0
                text5                               51F      51F       A8        8       0
                text4                               B8E      B8E       2F     171C       0
                text3                               814      814       11     1028       0
                text2                               ABD      ABD       27     157A       0
                text1                               9C8      9C8       1E     1390       0
                maintext                             59       59      25D        8       0
                cstackBANK0                          20       20       33       20       1
                cstackCOMMON                         70       70        C       70       1
                cstackBANK2                         142      142        2      120       1
                clrtext                            170B     170B        6     2E16       0
                inittext                           1711     1711        6     2E22       0
                bssBANK2                            120      120       20      120       1
                dataBANK1                            D4       D4       13       A0       1
                bssBANK1                             A0       A0       34       A0       1
                dataBANK0                            6C       6C        3       20       1
                bssBANK0                             53       53       19       20       1
                bssCOMMON                            7C       7C        1       70       1
                stringtext8                        181E     181E        3     3000       0
                stringtext7                        1819     1819        5     3000       0
                stringtext6                        1814     1814        5     3000       0
                stringtext5                        1809     1809        6     3000       0
                stringtext4                        1800     1800        9     3000       0
                nvBANK2                             140      140        2      120       1
                nvBANK1                              E7       E7        9       A0       1
                stringtext3                        1000     1000       10     2000       0
                stringtext2                        1821     1821        2     3000       0
                stringtext1                        180F     180F        5     3000       0
                idataBANK1                          84A      84A       13     1094       0
                idataBANK0                          800      800        3        8       0

TOTAL           Name                               Link     Load   Length     Space
        CLASS   STACK          

        CLASS   CODE           
                end_init                             23       23        2         0
                cinit                                25       25       34         0
                intentry                              4        4       1F         0
                reset_vec                             0        0        2         0
                text98                              8C5      8C5       17         0
                text97                             16AE     16AE        3         0
                text96                             16AB     16AB        1         0
                text95                             16BD     16BD        4         0
                text94                              BEE      BEE       32         0
                text93                              9AA      9AA       1E         0
                text91                             16C1     16C1        4         0
                text90                             16C5     16C5        4         0
                text89                              90B      90B       19         0
                text88                              924      924       19         0
                text87                              C8C      C8C       41         0
                text86                              A4C      A4C       25         0
                text85                             16B1     16B1        3         0
                text84                             16DB     16DB        6         0
                text83                             16E1     16E1        6         0
                text82                              93D      93D       19         0
                text81                              F7D      F7D       83         0
                text80                              803      803       11         0
                text79                              8AF      8AF       16         0
                text78                              D0E      D0E       46         0
                text77                             1795     1795        E         0
                text76                              B37      B37       2B         0
                text75                              779      779       87         0
                text74                             17C0     17C0       10         0
                text73                              BBD      BBD       31         0
                text72                             174C     174C        A         0
                text71                             16AC     16AC        1         0
                text70                              85D      85D       14         0
                text69                              E4F      E4F       5C         0
                text68                              DF4      DF4       5B         0
                text67                              5C7      5C7       95         0
                text66                              871      871       14         0
                text65                             17A3     17A3        E         0
                text64                              D54      D54       50         0
                text63                             17B1     17B1        F         0
                text62                             17D0     17D0       10         0
                text61                              B62      B62       2C         0
                text60                             1733     1733        8         0
                text59                             176E     176E        D         0
                text58                             1756     1756        C         0
                text57                              8DC      8DC       17         0
                text56                              6EF      6EF       8A         0
                text55                             177B     177B        D         0
                text54                             17E0     17E0       10         0
                text53                             1743     1743        9         0
                text52                              474      474       AB         0
                text51                             16D1     16D1        5         0
                text50                             16B4     16B4        3         0
                text49                             16B7     16B7        3         0
                text48                              2B6      2B6      1BE         0
                text47                              F07      F07       76         0
                text46                             1717     1717        7         0
                text45                             171E     171E        7         0
                text44                              C55      C55       37         0
                text43                              EAB      EAB       5C         0
                text42                             16AD     16AD        1         0
                text41                              A71      A71       26         0
                text40                             1725     1725        7         0
                text39                              65C      65C       93         0
                text38                              885      885       15         0
                text37                             172C     172C        7         0
                text36                              837      837       13         0
                text35                              A06      A06       23         0
                text34                             16C9     16C9        4         0
                text33                             16BA     16BA        3         0
                text32                                2        2        2         0
                text31                              971      971       1C         0
                text30                             16E7     16E7        6         0
                text29                             16ED     16ED        6         0
                text28                             16F3     16F3        6         0
                text27                             16F9     16F9        6         0
                text26                             16FF     16FF        6         0
                text25                              CCD      CCD       41         0
                text24                              B0D      B0D       2A         0
                text23                              956      956       1B         0
                text22                             17F0     17F0       10         0
                text21                              89A      89A       15         0
                text20                             1788     1788        D         0
                text19                             1762     1762        C         0
                text18                             1705     1705        6         0
                text17                              98D      98D       1D         0
                text16                             173B     173B        8         0
                text15                             16CD     16CD        4         0
                text14                              825      825       12         0
                text13                              9E6      9E6       20         0
                text12                              A29      A29       23         0
                text11                             16D6     16D6        5         0
                text10                              C20      C20       35         0
                text9                               A97      A97       26         0
                text8                               8F3      8F3       18         0
                text7                               DA4      DA4       50         0
                text6                               AE4      AE4       29         0
                text5                               51F      51F       A8         0
                text4                               B8E      B8E       2F         0
                text3                               814      814       11         0
                text2                               ABD      ABD       27         0
                text1                               9C8      9C8       1E         0
                maintext                             59       59      25D         0
                clrtext                            170B     170B        6         0
                inittext                           1711     1711        6         0
                idataBANK1                          84A      84A       13         0
                idataBANK0                          800      800        3         0

        CLASS   STRCODE        
                stringtext8                        181E     181E        3         0
                stringtext7                        1819     1819        5         0
                stringtext6                        1814     1814        5         0
                stringtext5                        1809     1809        6         0
                stringtext4                        1800     1800        9         0
                stringtext3                        1000     1000       10         0
                stringtext2                        1821     1821        2         0
                stringtext1                        180F     180F        5         0

        CLASS   STRING         

        CLASS   CONST          

        CLASS   ENTRY          

        CLASS   COMMON         
                cstackCOMMON                         70       70        C         1
                bssCOMMON                            7C       7C        1         1

        CLASS   BANK0          
                cstackBANK0                          20       20       33         1
                dataBANK0                            6C       6C        3         1
                bssBANK0                             53       53       19         1

        CLASS   BANK1          
                dataBANK1                            D4       D4       13         1
                bssBANK1                             A0       A0       34         1
                nvBANK1                              E7       E7        9         1

        CLASS   BANK2          
                cstackBANK2                         142      142        2         1
                bssBANK2                            120      120       20         1
                nvBANK2                             140      140        2         1

        CLASS   BANK3          

        CLASS   BANK4          

        CLASS   BANK5          

        CLASS   BANK6          

        CLASS   BIGRAM         

        CLASS   RAM            

        CLASS   ABS1           
                abs_s1                               7E       7E        2         1

        CLASS   SFR0           

        CLASS   SFR1           

        CLASS   SFR2           

        CLASS   SFR3           

        CLASS   SFR4           

        CLASS   SFR5           

        CLASS   SFR6           

        CLASS   SFR7           

        CLASS   SFR8           

        CLASS   SFR9           

        CLASS   SFR10          

        CLASS   SFR11          

        CLASS   SFR12          

        CLASS   SFR13          

        CLASS   SFR14          

        CLASS   SFR15          

        CLASS   SFR16          

        CLASS   SFR17          

        CLASS   SFR18          

        CLASS   SFR19          

        CLASS   SFR20          

        CLASS   SFR21          

        CLASS   SFR22          

        CLASS   SFR23          

        CLASS   SFR24          

        CLASS   SFR25          

        CLASS   SFR26          

        CLASS   SFR27          

        CLASS   SFR28          

        CLASS   SFR29          

        CLASS   SFR30          

        CLASS   SFR31          

        CLASS   CONFIG         
                config                             8007     8007        2         0

        CLASS   IDLOC          

        CLASS   BANK31         

        CLASS   BANK30         

        CLASS   BANK29         

        CLASS   BANK28         

        CLASS   BANK27         

        CLASS   BANK26         

        CLASS   BANK25         

        CLASS   BANK24         

        CLASS   BANK23         

        CLASS   BANK22         

        CLASS   BANK21         

        CLASS   BANK20         

        CLASS   BANK19         

        CLASS   BANK18         

        CLASS   BANK17         

        CLASS   BANK16         

        CLASS   BANK15         

        CLASS   BANK14         

        CLASS   BANK13         

        CLASS   BANK12         

        CLASS   BANK11         

        CLASS   BANK10         

        CLASS   BANK9          

        CLASS   BANK8          

        CLASS   BANK7          

        CLASS   EEDATA         



SEGMENTS        Name                           Load    Length   Top    Selector   Space  Class     Delta

                reset_vec                      000000  000004  000004         0       0  CODE        2
                intentry                       000004  0007FF  000803         8       0  CODE        2
                cstackBANK0                    000020  00004F  00006F        20       1  BANK0       1
                cstackCOMMON                   000070  00000D  00007D        70       1  COMMON      1
                bssBANK1                       0000A0  000050  0000F0        A0       1  BANK1       1
                bssBANK2                       000120  000024  000144       120       1  BANK2       1
                text80                         000803  000011  000814      1006       0  CODE        2
                text3                          000814  000011  000825      1028       0  CODE        2
                text14                         000825  000012  000837      104A       0  CODE        2
                text36                         000837  000013  00084A      106E       0  CODE        2
                idataBANK1                     00084A  000013  00085D      1094       0  CODE        2
                text70                         00085D  000014  000871      10BA       0  CODE        2
                text66                         000871  000014  000885      10E2       0  CODE        2
                text38                         000885  000015  00089A      110A       0  CODE        2
                text21                         00089A  000015  0008AF      1134       0  CODE        2
                text79                         0008AF  000016  0008C5      115E       0  CODE        2
                text98                         0008C5  000017  0008DC      118A       0  CODE        2
                text57                         0008DC  000017  0008F3      11B8       0  CODE        2
                text8                          0008F3  000018  00090B      11E6       0  CODE        2
                text89                         00090B  000019  000924      1216       0  CODE        2
                text88                         000924  000019  00093D      1248       0  CODE        2
                text82                         00093D  000019  000956      127A       0  CODE        2
                text23                         000956  00001B  000971      12AC       0  CODE        2
                text31                         000971  00001C  00098D      12E2       0  CODE        2
                text17                         00098D  00001D  0009AA      131A       0  CODE        2
                text93                         0009AA  00001E  0009C8      1354       0  CODE        2
                text1                          0009C8  00001E  0009E6      1390       0  CODE        2
                text13                         0009E6  000020  000A06      13CC       0  CODE        2
                text35                         000A06  000023  000A29      140C       0  CODE        2
                text12                         000A29  000023  000A4C      1452       0  CODE        2
                text86                         000A4C  000025  000A71      1498       0  CODE        2
                text41                         000A71  000026  000A97      14E2       0  CODE        2
                text9                          000A97  000026  000ABD      152E       0  CODE        2
                text2                          000ABD  000027  000AE4      157A       0  CODE        2
                text6                          000AE4  000029  000B0D      15C8       0  CODE        2
                text24                         000B0D  00002A  000B37      161A       0  CODE        2
                text76                         000B37  00002B  000B62      166E       0  CODE        2
                text61                         000B62  00002C  000B8E      16C4       0  CODE        2
                text4                          000B8E  00002F  000BBD      171C       0  CODE        2
                text73                         000BBD  000031  000BEE      177A       0  CODE        2
                text94                         000BEE  000032  000C20      17DC       0  CODE        2
                text10                         000C20  000035  000C55      1840       0  CODE        2
                text44                         000C55  000037  000C8C      18AA       0  CODE        2
                text87                         000C8C  000041  000CCD      1918       0  CODE        2
                text25                         000CCD  000041  000D0E      199A       0  CODE        2
                text78                         000D0E  000046  000D54      1A1C       0  CODE        2
                text64                         000D54  000050  000DA4      1AA8       0  CODE        2
                text7                          000DA4  000050  000DF4      1B48       0  CODE        2
                text68                         000DF4  00005B  000E4F      1BE8       0  CODE        2
                text69                         000E4F  00005C  000EAB      1C9E       0  CODE        2
                text43                         000EAB  00005C  000F07      1D56       0  CODE        2
                text47                         000F07  000076  000F7D      1E0E       0  CODE        2
                text81                         000F7D  000083  001000      1EFA       0  CODE        2
                stringtext3                    001000  000010  001010      2000       0  STRCODE     2
                text96                         0016AB  000001  0016AC      2D56       0  CODE        2
                text71                         0016AC  000001  0016AD      2D58       0  CODE        2
                text42                         0016AD  000001  0016AE      2D5A       0  CODE        2
                text97                         0016AE  000003  0016B1      2D5C       0  CODE        2
                text85                         0016B1  000003  0016B4      2D62       0  CODE        2
                text50                         0016B4  000003  0016B7      2D68       0  CODE        2
                text49                         0016B7  000003  0016BA      2D6E       0  CODE        2
                text33                         0016BA  000003  0016BD      2D74       0  CODE        2
                text95                         0016BD  000004  0016C1      2D7A       0  CODE        2
                text91                         0016C1  000004  0016C5      2D82       0  CODE        2
                text90                         0016C5  000004  0016C9      2D8A       0  CODE        2
                text34                         0016C9  000004  0016CD      2D92       0  CODE        2
                text15                         0016CD  000004  0016D1      2D9A       0  CODE        2
                text51                         0016D1  000005  0016D6      2DA2       0  CODE        2
                text11                         0016D6  000005  0016DB      2DAC       0  CODE        2
                text84                         0016DB  000006  0016E1      2DB6       0  CODE        2
                text83                         0016E1  000006  0016E7      2DC2       0  CODE        2
                text30                         0016E7  000006  0016ED      2DCE       0  CODE        2
                text29                         0016ED  000006  0016F3      2DDA       0  CODE        2
                text28                         0016F3  000006  0016F9      2DE6       0  CODE        2
                text27                         0016F9  000006  0016FF      2DF2       0  CODE        2
                text26                         0016FF  000006  001705      2DFE       0  CODE        2
                text18                         001705  000006  00170B      2E0A       0  CODE        2
                clrtext                        00170B  000006  001711      2E16       0  CODE        2
                inittext                       001711  000006  001717      2E22       0  CODE        2
                text46                         001717  000007  00171E      2E2E       0  CODE        2
                text45                         00171E  000007  001725      2E3C       0  CODE        2
                text40                         001725  000007  00172C      2E4A       0  CODE        2
                text37                         00172C  000007  001733      2E58       0  CODE        2
                text60                         001733  000008  00173B      2E66       0  CODE        2
                text16                         00173B  000008  001743      2E76       0  CODE        2
                text53                         001743  000009  00174C      2E86       0  CODE        2
                text72                         00174C  00000A  001756      2E98       0  CODE        2
                text58                         001756  00000C  001762      2EAC       0  CODE        2
                text19                         001762  00000C  00176E      2EC4       0  CODE        2
                text59                         00176E  00000D  00177B      2EDC       0  CODE        2
                text55                         00177B  00000D  001788      2EF6       0  CODE        2
                text20                         001788  00000D  001795      2F10       0  CODE        2
                text77                         001795  00000E  0017A3      2F2A       0  CODE        2
                text65                         0017A3  00000E  0017B1      2F46       0  CODE        2
                text63                         0017B1  00000F  0017C0      2F62       0  CODE        2
                text74                         0017C0  000010  0017D0      2F80       0  CODE        2
                text62                         0017D0  000010  0017E0      2FA0       0  CODE        2
                text54                         0017E0  000010  0017F0      2FC0       0  CODE        2
                text22                         0017F0  000010  001800      2FE0       0  CODE        2
                stringtext4                    001800  000023  001823      3000       0  STRCODE     2
                config                         008007  000002  008009     1000E       0  CONFIG      2


UNUSED ADDRESS RANGES

        Name                Unused          Largest block    Delta
        BANK0            0006F-0006F               1           1
        BANK2            00144-0016F              2C           1
        BANK3            001A0-001EF              50           1
        BANK4            00220-0026F              50           1
        BANK5            002A0-002EF              50           1
        BANK6            00320-0032F              10           1
        BIGRAM           02000-021EF             1F0           1
        CODE             01010-016AA             69B           2
                         01823-01FFF             7DD
        COMMON           0007D-0007D               1           1
        CONST            01010-016AA             100           2
                         01823-01FFF             100
        ENTRY            01010-016AA             100           2
                         01823-01FFF             100
        IDLOC            08000-08003               4           2
        RAM              0006F-0006F               1           1
                         00144-0016F              2C
                         001A0-001EF              50
                         00220-0026F              50
                         002A0-002EF              50
                         00320-0032F              10
        SFR0             00000-0001F              20           1
        SFR1             00080-0009F              20           1
        SFR10            00500-0056F              70           1
        SFR11            00580-005EF              70           1
        SFR12            00600-0066F              70           1
        SFR13            00680-006EF              70           1
        SFR14            00700-0076F              70           1
        SFR15            00780-007EF              70           1
        SFR16            00800-0086F              70           1
        SFR17            00880-008EF              70           1
        SFR18            00900-0096F              70           1
        SFR19            00980-009EF              70           1
        SFR2             00100-0011F              20           1
        SFR20            00A00-00A6F              70           1
        SFR21            00A80-00AEF              70           1
        SFR22            00B00-00B6F              70           1
        SFR23            00B80-00BEF              70           1
        SFR24            00C00-00C6F              70           1
        SFR25            00C80-00CEF              70           1
        SFR26            00D00-00D6F              70           1
        SFR27            00D80-00DEF              70           1
        SFR28            00E00-00E6F              70           1
        SFR29            00E80-00EEF              70           1
        SFR3             00180-0019F              20           1
        SFR30            00F00-00F6F              70           1
        SFR31            00F80-00FEF              70           1
        SFR4             00200-0021F              20           1
        SFR5             00280-0029F              20           1
        SFR6             00300-0031F              20           1
        SFR7             00380-003EF              70           1
        SFR8             00400-0046F              70           1
        SFR9             00480-004EF              70           1
        STACK            020C4-021EF             12C           1
        STRCODE          01010-016AA             69B           2
                         01823-01FFF             7DD
        STRING           01010-016AA             100           2
                         01823-01FFF             100

                                  Symbol Table

?_MTOUCH_Sensor_RawSample_Get                         cstackCOMMON 00075
?_abs                                                 cstackCOMMON 00071
?_ctoa                                                cstackBANK0  00031
?_pad                                                 cstackBANK0  00028
?_printf                                              cstackBANK0  00048
?_strlen                                              cstackCOMMON 00071
?_vfpfcnvrt                                           cstackBANK0  00037
?_vfprintf                                            cstackBANK0  00040
Button_Baseline_Initialize@button                     cstackCOMMON 00079
Button_Baseline_Update@button                         cstackCOMMON 00077
Button_Deviation_Update@button                        cstackBANK0  00020
Button_Deviation_Update@deviation                     cstackBANK0  00021
Button_Reading_Update@button                          cstackBANK0  00020
Button_Reading_Update_Helper@button                   cstackCOMMON 0007B
Button_Service@button                                 cstackBANK0  0002C
Button_Service@name                                   cstackBANK0  0002B
Button_State_Initializing@button                      cstackBANK0  00024
Button_State_NotPressed@button                        cstackBANK0  00024
Button_State_Pressed@button                           cstackBANK0  00024
Button_Tick_helper@button                             cstackCOMMON 00073
DATA_PROCESS@x                                        cstackCOMMON 00076
EUSART_Read@readValue                                 cstackCOMMON 00072
EUSART_SetErrorHandler@interruptHandler               cstackCOMMON 00071
EUSART_SetFramingErrorHandler@interruptHandler        cstackCOMMON 00071
EUSART_SetOverrunErrorHandler@interruptHandler        cstackCOMMON 00071
EUSART_SetRxInterruptHandler@interruptHandler         cstackCOMMON 00071
EUSART_SetTxInterruptHandler@interruptHandler         cstackCOMMON 00071
EUSART_Write@txData                                   cstackCOMMON 00072
LED_PROCESS@x                                         cstackCOMMON 00073
MTOUCH_Button_Initialize@button                       cstackCOMMON 0007A
MTOUCH_Button_Initialize@name                         cstackCOMMON 00079
MTOUCH_Button_InitializeAll@button                    cstackBANK0  00020
MTOUCH_Button_ServiceAll@button                       cstackBANK0  0002E
MTOUCH_Button_SetNotPressedCallback@callback          cstackCOMMON 00071
MTOUCH_Button_SetPressedCallback@callback             cstackCOMMON 00071
MTOUCH_Button_isPressed@name                          cstackCOMMON 00072
MTOUCH_Sensor_Calibrate@sensor                        cstackCOMMON 00076
MTOUCH_Sensor_Enable@sensor                           cstackCOMMON 00076
MTOUCH_Sensor_Initialize@sensor                       cstackCOMMON 00078
MTOUCH_Sensor_InitializeAll@sensor                    cstackCOMMON 0007A
MTOUCH_Sensor_RawSample_Get@name                      cstackCOMMON 00078
MTOUCH_Sensor_SampleAll@group                         cstackBANK0  00047
MTOUCH_Sensor_Sampled_ResetAll@sensor                 cstackCOMMON 00073
MTOUCH_Sensor_isCalibrated@sensor                     cstackCOMMON 00076
MTOUCH_Sensor_wasSampled@sensor                       cstackCOMMON 00076
RELAY_PROCESS@x                                       cstackCOMMON 00073
Sensor_Acq_ExecutePacket@AD1CON2_temp                 cstackBANK0  00022
Sensor_Acq_ExecutePacket@AD2CON2_temp                 cstackBANK0  00023
Sensor_Acq_ExecutePacket@ADCOMCON_temp                cstackBANK0  00021
Sensor_Acq_ExecutePacket@ADxIF_flag                   cstackBANK0  00026
Sensor_Acq_ExecutePacket@activeSensor                 cstackBANK0  00027
Sensor_Acq_ExecutePacket@last_a                       cstackBANK0  00028
Sensor_Acq_ExecutePacket@last_b                       cstackBANK0  0002A
Sensor_Acq_ExecutePacket@packet_counter               cstackBANK0  0002C
Sensor_Acq_ExecutePacket@sensor1ForceEnabled          cstackBANK0  00024
Sensor_Acq_ExecutePacket@sensor2ForceEnabled          cstackBANK0  00025
Sensor_Acq_ExecutePacket@sensor_adc1                  cstackBANK0  0002D
Sensor_Acq_ExecutePacket@sensor_adc2                  cstackCOMMON 0007B
Sensor_Acquisition@retry                              cstackBANK0  0003D
Sensor_Acquisition@sensor_adc1                        cstackBANK0  0003E
Sensor_Acquisition@sensor_adc2                        cstackBANK0  0003B
Sensor_DefaultCallback@sensor                         cstackCOMMON 00071
Sensor_RawSample_Update@adcIndex                      cstackCOMMON 00076
Sensor_RawSample_Update@sensor                        cstackCOMMON 00077
Sensor_Sampled_Reset@sensor                           cstackCOMMON 00071
Sensor_Scanfrequency_Evaluation@best_packet_sample    cstackBANK0  00036
Sensor_Scanfrequency_Evaluation@best_sample_period    cstackBANK0  00034
Sensor_Scanfrequency_Evaluation@frequency_hop         stringtext1  0180F
Sensor_Scanfrequency_Evaluation@i                     cstackBANK0  0003A
Sensor_Scanfrequency_Evaluation@packet_noise_Max      cstackBANK0  00031
Sensor_Scanfrequency_Evaluation@retry                 cstackBANK0  00035
Sensor_Scanfrequency_Evaluation@sensor_adc1           cstackBANK0  00033
Sensor_Scanfrequency_Evaluation@sensor_adc2           cstackBANK0  0002E
Sensor_Service@error                                  cstackBANK0  00043
Sensor_Service@scanGroup                              cstackBANK0  00042
Sensor_Service@sensor_adc1                            cstackBANK0  00044
Sensor_Service@sensor_adc2                            cstackBANK0  00045
Sensor_autoCalibration@adcIndex                       cstackCOMMON 00079
Sensor_autoCalibration@sensor                         cstackCOMMON 0007A
Sensor_getScanGroupIndex@sensor                       cstackCOMMON 00073
Sensor_getScanGroupIndex@sensorGroup                  cstackCOMMON 00074
Sensor_isActive@sensor                                cstackCOMMON 00071
Sensor_isCalibrated@sensor                            cstackCOMMON 00071
Sensor_isCalibratingAcqTime@sensor                    cstackCOMMON 00071
Sensor_isEnabled@sensor                               cstackCOMMON 00072
Sensor_loadADCSettings@adc_index                      cstackCOMMON 00072
Sensor_loadADCSettings@addressOffset                  cstackCOMMON 00078
Sensor_loadADCSettings@sensor                         cstackCOMMON 00079
Sensor_postAcquisitionProcess@adcIndex                cstackCOMMON 00078
Sensor_postAcquisitionProcess@deviation               cstackCOMMON 00076
Sensor_postAcquisitionProcess@sensor                  cstackCOMMON 00079
Sensor_setActive@sensor                               cstackCOMMON 00071
Sensor_setCalibratAcqTime@sensor                      cstackCOMMON 00071
Sensor_setCalibrated@sensor                           cstackCOMMON 00071
Sensor_setInactive@sensor                             cstackCOMMON 00071
Sensor_setSampled@sensor                              cstackCOMMON 00071
TMR2_LoadPeriodRegister@periodVal                     cstackCOMMON 00071
_AAD1CAP                                              (abs)        00719
_AAD1CON2                                             (abs)        00713
_AAD1CON3                                             (abs)        00714
_AAD1GRD                                              (abs)        00718
_AAD1RES0                                             (abs)        0071A
_AAD2CON3                                             (abs)        00794
_AAD2GRD                                              (abs)        00798
_AAD2RES0                                             (abs)        0079A
_AD1ACQCON                                            (abs)        00717
_AD1CON0                                              (abs)        00711
_AD1CON0bits                                          (abs)        00711
_AD1CON2                                              (abs)        00713
_AD1CON3                                              (abs)        00714
_AD1PRECON                                            (abs)        00716
_AD2ACQCON                                            (abs)        00797
_AD2CON0                                              (abs)        00791
_AD2CON0bits                                          (abs)        00791
_AD2CON2                                              (abs)        00793
_AD2CON3                                              (abs)        00794
_AD2PRECON                                            (abs)        00796
_ADCOMCON                                             (abs)        00712
_ANSELA                                               (abs)        0018C
_ANSELB                                               (abs)        0018D
_ANSELC                                               (abs)        0018E
_APFCON                                               (abs)        0011D
_APFCONbits                                           (abs)        0011D
_BAUDCON                                              (abs)        0019F
_BORCON                                               (abs)        00116
_Button_Baseline_Initialize                           text76       00B37
_Button_Baseline_Update                               text75       00779
_Button_DefaultCallback                               text71       016AC
_Button_Deviation_Update                              text81       00F7D
_Button_Reading_Update                                text77       01795
_Button_Reading_Update_Helper                         text78       00D0E
_Button_Service                                       text64       00D54
_Button_StateMachine                                  dataBANK1    000D4
_Button_State_Initializing                            text68       00DF4
_Button_State_NotPressed                              text67       005C7
_Button_State_Pressed                                 text69       00E4F
_Button_Tick_helper                                   text35       00A06
_DATA_PROCESS                                         text87       00C8C
_EUSART_DefaultErrorHandler                           text97       016AE
_EUSART_DefaultFramingErrorHandler                    text96       016AB
_EUSART_DefaultOverrunErrorHandler                    text95       016BD
_EUSART_ErrorHandler                                  nvBANK2      00140
_EUSART_FramingErrorHandler                           nvBANK1      000E9
_EUSART_Initialize                                    text25       00CCD
_EUSART_OverrunErrorHandler                           nvBANK1      000E7
_EUSART_Read                                          text86       00A4C
_EUSART_Receive_ISR                                   text94       00BEE
_EUSART_RxDataHandler                                 text98       008C5
_EUSART_RxDefaultInterruptHandler                     nvBANK1      000EB
_EUSART_SetErrorHandler                               text30       016E7
_EUSART_SetFramingErrorHandler                        text29       016ED
_EUSART_SetOverrunErrorHandler                        text28       016F3
_EUSART_SetRxInterruptHandler                         text27       016F9
_EUSART_SetTxInterruptHandler                         text26       016FF
_EUSART_Transmit_ISR                                  text93       009AA
_EUSART_TxDefaultInterruptHandler                     nvBANK1      000ED
_EUSART_Write                                         text12       00A29
_EUSART_is_rx_ready                                   text85       016B1
_GIE                                                  (abs)        0005F
_INTCONbits                                           (abs)        0000B
_INTERRUPT_InterruptManager                           intentry     00004
_LATA                                                 (abs)        0010C
_LATAbits                                             (abs)        0010C
_LATB                                                 (abs)        0010D
_LATC                                                 (abs)        0010E
_LATCbits                                             (abs)        0010E
_LED_1_SetHigh                                        text91       016C1
_LED_1_SetLow                                         text90       016C5
_LED_PROCESS                                          text89       0090B
_MTOUCH_Button_Initialize                             text73       00BBD
_MTOUCH_Button_InitializeAll                          text23       00956
_MTOUCH_Button_ServiceAll                             text63       017B1
_MTOUCH_Button_SetNotPressedCallback                  text84       016DB
_MTOUCH_Button_SetPressedCallback                     text83       016E1
_MTOUCH_Button_Tick                                   text34       016C9
_MTOUCH_Button_isPressed                              text82       0093D
_MTOUCH_Initialize                                    text19       01762
_MTOUCH_Sensor_Calibrate                              text74       017C0
_MTOUCH_Sensor_Enable                                 text22       017F0
_MTOUCH_Sensor_Initialize                             text21       0089A
_MTOUCH_Sensor_InitializeAll                          text20       01788
_MTOUCH_Sensor_RawSample_Get                          text79       008AF
_MTOUCH_Sensor_SampleAll                              text38       00885
_MTOUCH_Sensor_Sampled_ResetAll                       text36       00837
_MTOUCH_Sensor_Scan_Initialize                        text62       017D0
_MTOUCH_Sensor_isCalibrated                           text66       00871
_MTOUCH_Sensor_wasSampled                             text65       017A3
_MTOUCH_Service_Mainloop                              text31       00971
_MTOUCH_Tick                                          text33       016BA
_MTOUCH_needReburst                                   text32       00002
_OPTION_REGbits                                       (abs)        00095
_OSCCON                                               (abs)        00099
_OSCILLATOR_Initialize                                text18       01705
_PIE1bits                                             (abs)        00091
_PIN_MANAGER_Initialize                               text17       0098D
_PIR1bits                                             (abs)        00011
_PIR2bits                                             (abs)        00012
_PR2                                                  (abs)        0001B
_RCREG                                                (abs)        00199
_RCSTA                                                (abs)        0019D
_RCSTAbits                                            (abs)        0019D
_RELAY_PROCESS                                        text88       00924
_SPBRGH                                               (abs)        0019C
_SPBRGL                                               (abs)        0019B
_SYSTEM_Initialize                                    text14       00825
_Sensor_Acq_ExecutePacket                             text48       002B6
_Sensor_Acquisition                                   text43       00EAB
_Sensor_DefaultCallback                               text42       016AD
_Sensor_RawSample_Update                              text41       00A71
_Sensor_Sampled_Reset                                 text37       0172C
_Sensor_Scanfrequency_Evaluation                      text47       00F07
_Sensor_Service                                       text39       0065C
_Sensor_autoCalibration                               text56       006EF
_Sensor_getScanGroupIndex                             text61       00B62
_Sensor_isActive                                      text55       0177B
_Sensor_isCalibrated                                  text53       01743
_Sensor_isCalibratingAcqTime                          text60       01733
_Sensor_isEnabled                                     text54       017E0
_Sensor_loadADCSettings                               text52       00474
_Sensor_loadADCSettings$558                           cstackCOMMON 00076
_Sensor_postAcquisitionProcess                        text44       00C55
_Sensor_setActive                                     text46       01717
_Sensor_setCalibratAcqTime                            text59       0176E
_Sensor_setCalibrated                                 text58       01756
_Sensor_setInactive                                   text45       0171E
_Sensor_setSampled                                    text40       01725
_T2CON                                                (abs)        0001C
_T2CONbits                                            (abs)        0001C
_TMR2                                                 (abs)        0001A
_TMR2_Initialize                                      text16       0173B
_TMR2_LoadPeriodRegister                              text51       016D1
_TMR2_StartTimer                                      text50       016B4
_TMR2_StopTimer                                       text49       016B7
_TRISA                                                (abs)        0008C
_TRISB                                                (abs)        0008D
_TRISC                                                (abs)        0008E
_TXREG                                                (abs)        0019A
_TXSTA                                                (abs)        0019E
_TXSTAbits                                            (abs)        0019E
_WDTCON                                               (abs)        00097
_WDT_Initialize                                       text15       016CD
_WPUA                                                 (abs)        0020C
_WPUB                                                 (abs)        0020D
__CFG_BOREN$NSLEEP                                    (abs)        00000
__CFG_BORV$LO                                         (abs)        00000
__CFG_CLKOUTEN$OFF                                    (abs)        00000
__CFG_CP$OFF                                          (abs)        00000
__CFG_FOSC$INTOSC                                     (abs)        00000
__CFG_LPBOR$ON                                        (abs)        00000
__CFG_LVP$ON                                          (abs)        00000
__CFG_MCLRE$ON                                        (abs)        00000
__CFG_PWRTE$OFF                                       (abs)        00000
__CFG_STVREN$ON                                       (abs)        00000
__CFG_WDTE$OFF                                        (abs)        00000
__CFG_WRT$OFF                                         (abs)        00000
__Habs1                                               abs1         00000
__Hbank0                                              bank0        00000
__Hbank1                                              bank1        00000
__Hbank10                                             bank10       00000
__Hbank11                                             bank11       00000
__Hbank12                                             bank12       00000
__Hbank13                                             bank13       00000
__Hbank14                                             bank14       00000
__Hbank15                                             bank15       00000
__Hbank16                                             bank16       00000
__Hbank17                                             bank17       00000
__Hbank18                                             bank18       00000
__Hbank19                                             bank19       00000
__Hbank2                                              bank2        00000
__Hbank20                                             bank20       00000
__Hbank21                                             bank21       00000
__Hbank22                                             bank22       00000
__Hbank23                                             bank23       00000
__Hbank24                                             bank24       00000
__Hbank25                                             bank25       00000
__Hbank26                                             bank26       00000
__Hbank27                                             bank27       00000
__Hbank28                                             bank28       00000
__Hbank29                                             bank29       00000
__Hbank3                                              bank3        00000
__Hbank30                                             bank30       00000
__Hbank31                                             bank31       00000
__Hbank4                                              bank4        00000
__Hbank5                                              bank5        00000
__Hbank6                                              bank6        00000
__Hbank7                                              bank7        00000
__Hbank8                                              bank8        00000
__Hbank9                                              bank9        00000
__Hbigram                                             bigram       00000
__HbssBANK0                                           bssBANK0     00000
__HbssBANK1                                           bssBANK1     00000
__HbssBANK2                                           bssBANK2     00000
__HbssCOMMON                                          bssCOMMON    00000
__Hcinit                                              cinit        00059
__Hclrtext                                            clrtext      00000
__Hcode                                               code         00000
__Hcommon                                             common       00000
__Hconfig                                             config       08009
__HcstackBANK0                                        cstackBANK0  00000
__HcstackBANK2                                        cstackBANK2  00000
__HcstackCOMMON                                       cstackCOMMON 00000
__HdataBANK0                                          dataBANK0    00000
__HdataBANK1                                          dataBANK1    00000
__Heeprom_data                                        eeprom_data  00000
__Hend_init                                           end_init     00025
__Hfunctab                                            functab      00000
__HidataBANK0                                         idataBANK0   00000
__HidataBANK1                                         idataBANK1   00000
__Hidloc                                              idloc        00000
__Hinit                                               init         00023
__Hinittext                                           inittext     00000
__Hintentry                                           intentry     00023
__Hmaintext                                           maintext     00000
__HnvBANK1                                            nvBANK1      00000
__HnvBANK2                                            nvBANK2      00000
__Hpowerup                                            powerup      00000
__Hram                                                ram          00000
__Hreset_vec                                          reset_vec    00002
__Hsfr0                                               sfr0         00000
__Hsfr1                                               sfr1         00000
__Hsfr10                                              sfr10        00000
__Hsfr11                                              sfr11        00000
__Hsfr12                                              sfr12        00000
__Hsfr13                                              sfr13        00000
__Hsfr14                                              sfr14        00000
__Hsfr15                                              sfr15        00000
__Hsfr16                                              sfr16        00000
__Hsfr17                                              sfr17        00000
__Hsfr18                                              sfr18        00000
__Hsfr19                                              sfr19        00000
__Hsfr2                                               sfr2         00000
__Hsfr20                                              sfr20        00000
__Hsfr21                                              sfr21        00000
__Hsfr22                                              sfr22        00000
__Hsfr23                                              sfr23        00000
__Hsfr24                                              sfr24        00000
__Hsfr25                                              sfr25        00000
__Hsfr26                                              sfr26        00000
__Hsfr27                                              sfr27        00000
__Hsfr28                                              sfr28        00000
__Hsfr29                                              sfr29        00000
__Hsfr3                                               sfr3         00000
__Hsfr30                                              sfr30        00000
__Hsfr31                                              sfr31        00000
__Hsfr4                                               sfr4         00000
__Hsfr5                                               sfr5         00000
__Hsfr6                                               sfr6         00000
__Hsfr7                                               sfr7         00000
__Hsfr8                                               sfr8         00000
__Hsfr9                                               sfr9         00000
__Hspace_0                                            (abs)        08009
__Hspace_1                                            (abs)        00144
__Hspace_2                                            (abs)        00000
__Hspace_3                                            (abs)        00000
__Hstack                                              stack        00000
__Hstrings                                            strings      00000
__Hstringtext1                                        stringtext1  00000
__Hstringtext2                                        stringtext2  00000
__Hstringtext3                                        stringtext3  00000
__Hstringtext4                                        stringtext4  00000
__Hstringtext5                                        stringtext5  00000
__Hstringtext6                                        stringtext6  00000
__Hstringtext7                                        stringtext7  00000
__Hstringtext8                                        stringtext8  00000
__Hstringtext9                                        stringtext9  00000
__Htext                                               text         00000
__Labs1                                               abs1         00000
__Lbank0                                              bank0        00000
__Lbank1                                              bank1        00000
__Lbank10                                             bank10       00000
__Lbank11                                             bank11       00000
__Lbank12                                             bank12       00000
__Lbank13                                             bank13       00000
__Lbank14                                             bank14       00000
__Lbank15                                             bank15       00000
__Lbank16                                             bank16       00000
__Lbank17                                             bank17       00000
__Lbank18                                             bank18       00000
__Lbank19                                             bank19       00000
__Lbank2                                              bank2        00000
__Lbank20                                             bank20       00000
__Lbank21                                             bank21       00000
__Lbank22                                             bank22       00000
__Lbank23                                             bank23       00000
__Lbank24                                             bank24       00000
__Lbank25                                             bank25       00000
__Lbank26                                             bank26       00000
__Lbank27                                             bank27       00000
__Lbank28                                             bank28       00000
__Lbank29                                             bank29       00000
__Lbank3                                              bank3        00000
__Lbank30                                             bank30       00000
__Lbank31                                             bank31       00000
__Lbank4                                              bank4        00000
__Lbank5                                              bank5        00000
__Lbank6                                              bank6        00000
__Lbank7                                              bank7        00000
__Lbank8                                              bank8        00000
__Lbank9                                              bank9        00000
__Lbigram                                             bigram       00000
__LbssBANK0                                           bssBANK0     00000
__LbssBANK1                                           bssBANK1     00000
__LbssBANK2                                           bssBANK2     00000
__LbssCOMMON                                          bssCOMMON    00000
__Lcinit                                              cinit        00025
__Lclrtext                                            clrtext      00000
__Lcode                                               code         00000
__Lcommon                                             common       00000
__Lconfig                                             config       08007
__LcstackBANK0                                        cstackBANK0  00000
__LcstackBANK2                                        cstackBANK2  00000
__LcstackCOMMON                                       cstackCOMMON 00000
__LdataBANK0                                          dataBANK0    00000
__LdataBANK1                                          dataBANK1    00000
__Leeprom_data                                        eeprom_data  00000
__Lend_init                                           end_init     00023
__Lfunctab                                            functab      00000
__LidataBANK0                                         idataBANK0   00000
__LidataBANK1                                         idataBANK1   00000
__Lidloc                                              idloc        00000
__Linit                                               init         00023
__Linittext                                           inittext     00000
__Lintentry                                           intentry     00004
__Lmaintext                                           maintext     00000
__LnvBANK1                                            nvBANK1      00000
__LnvBANK2                                            nvBANK2      00000
__Lpowerup                                            powerup      00000
__Lram                                                ram          00000
__Lreset_vec                                          reset_vec    00000
__Lsfr0                                               sfr0         00000
__Lsfr1                                               sfr1         00000
__Lsfr10                                              sfr10        00000
__Lsfr11                                              sfr11        00000
__Lsfr12                                              sfr12        00000
__Lsfr13                                              sfr13        00000
__Lsfr14                                              sfr14        00000
__Lsfr15                                              sfr15        00000
__Lsfr16                                              sfr16        00000
__Lsfr17                                              sfr17        00000
__Lsfr18                                              sfr18        00000
__Lsfr19                                              sfr19        00000
__Lsfr2                                               sfr2         00000
__Lsfr20                                              sfr20        00000
__Lsfr21                                              sfr21        00000
__Lsfr22                                              sfr22        00000
__Lsfr23                                              sfr23        00000
__Lsfr24                                              sfr24        00000
__Lsfr25                                              sfr25        00000
__Lsfr26                                              sfr26        00000
__Lsfr27                                              sfr27        00000
__Lsfr28                                              sfr28        00000
__Lsfr29                                              sfr29        00000
__Lsfr3                                               sfr3         00000
__Lsfr30                                              sfr30        00000
__Lsfr31                                              sfr31        00000
__Lsfr4                                               sfr4         00000
__Lsfr5                                               sfr5         00000
__Lsfr6                                               sfr6         00000
__Lsfr7                                               sfr7         00000
__Lsfr8                                               sfr8         00000
__Lsfr9                                               sfr9         00000
__Lspace_0                                            (abs)        00000
__Lspace_1                                            (abs)        00000
__Lspace_2                                            (abs)        00000
__Lspace_3                                            (abs)        00000
__Lstack                                              stack        00000
__Lstrings                                            strings      00000
__Lstringtext1                                        stringtext1  00000
__Lstringtext2                                        stringtext2  00000
__Lstringtext3                                        stringtext3  00000
__Lstringtext4                                        stringtext4  00000
__Lstringtext5                                        stringtext5  00000
__Lstringtext6                                        stringtext6  00000
__Lstringtext7                                        stringtext7  00000
__Lstringtext8                                        stringtext8  00000
__Lstringtext9                                        stringtext9  00000
__Ltext                                               text         00000
__S0                                                  (abs)        08009
__S1                                                  (abs)        00144
__S2                                                  (abs)        00000
___bmul                                               text80       00803
___bmul@multiplicand                                  cstackCOMMON 00071
___bmul@multiplier                                    cstackCOMMON 00074
___bmul@product                                       cstackCOMMON 00073
___int_sp                                             stack        00000
___latbits                                            (abs)        00002
___sp                                                 stack        00000
___stackhi                                            (abs)        021EF
___stacklo                                            (abs)        020C4
__end_ofSensor_Scanfrequency_Evaluation@frequency_hop stringtext1  01814
__end_of_Button_Baseline_Initialize                   text76       00B62
__end_of_Button_Baseline_Update                       text75       00800
__end_of_Button_DefaultCallback                       text71       016AD
__end_of_Button_Deviation_Update                      text81       01000
__end_of_Button_Reading_Update                        text77       017A3
__end_of_Button_Reading_Update_Helper                 text78       00D54
__end_of_Button_Service                               text64       00DA4
__end_of_Button_State_Initializing                    text68       00E4F
__end_of_Button_State_NotPressed                      text67       0065C
__end_of_Button_State_Pressed                         text69       00EAB
__end_of_Button_Tick_helper                           text35       00A29
__end_of_DATA_PROCESS                                 text87       00CCD
__end_of_EUSART_DefaultErrorHandler                   text97       016B1
__end_of_EUSART_DefaultFramingErrorHandler            text96       016AC
__end_of_EUSART_DefaultOverrunErrorHandler            text95       016C1
__end_of_EUSART_Initialize                            text25       00D0E
__end_of_EUSART_Read                                  text86       00A71
__end_of_EUSART_Receive_ISR                           text94       00C20
__end_of_EUSART_RxDataHandler                         text98       008DC
__end_of_EUSART_SetErrorHandler                       text30       016ED
__end_of_EUSART_SetFramingErrorHandler                text29       016F3
__end_of_EUSART_SetOverrunErrorHandler                text28       016F9
__end_of_EUSART_SetRxInterruptHandler                 text27       016FF
__end_of_EUSART_SetTxInterruptHandler                 text26       01705
__end_of_EUSART_Transmit_ISR                          text93       009C8
[...]
 Registers used:
		wreg, fsr0l, fsr0h, status,2, status,0
 Tracked objects:
		On entry : 
		On exit  : 
		Unchanged: 
 Data sizes:     COMMON   BANK0   BANK1   BANK2   BANK3   BANK4   BANK5   BANK6
      Params:         0       0       0       0       0       0       0       0
      Locals:         1       0       0       0       0       0       0       0
      Temps:          2       0       0       0       0       0       0       0
      Totals:         3       0       0       0       0       0       0       0
Total ram usage:        3 bytes
 Hardware stack levels used:    1
 Hardware stack levels required when called:    4
 This function calls:
		Nothing
 This function is called by:
		_main
		_myButtonPressedCallback
		_DATA_PROCESS
 This function uses a non-reentrant model


 *************** function _LED_PROCESS *****************
 Defined at:
		line 22 in file "led.c"
 Parameters:    Size  Location     Type
  x               1    wreg     unsigned char 
 Auto vars:     Size  Location     Type
  x               1    3[COMMON] unsigned char 
 Return value:  Size  Location     Type
                  1    wreg      void 
 Registers used:
		wreg, fsr0l, fsr0h, status,2, status,0, pclath, cstack
 Tracked objects:
		On entry : 
		On exit  : 
		Unchanged: 
 Data sizes:     COMMON   BANK0   BANK1   BANK2   BANK3   BANK4   BANK5   BANK6
      Params:         0       0       0       0       0       0       0       0
      Locals:         1       0       0       0       0       0       0       0
      Temps:          2       0       0       0       0       0       0       0
      Totals:         3       0       0       0       0       0       0       0
Total ram usage:        3 bytes
 Hardware stack levels used:    1
 Hardware stack levels required when called:    5
 This function calls:
		_LED_1_SetHigh
		_LED_1_SetLow
 This function is called by:
		_main
		_myButtonPressedCallback
		_DATA_PROCESS
 This function uses a non-reentrant model


 *************** function _LED_1_SetLow *****************
 Defined at:
		line 17 in file "led.c"
 Parameters:    Size  Location     Type
		None
 Auto vars:     Size  Location     Type
		None
 Return value:  Size  Location     Type
                  1    wreg      void 
 Registers used:
		None
 Tracked objects:
		On entry : 
		On exit  : 
		Unchanged: 
 Data sizes:     COMMON   BANK0   BANK1   BANK2   BANK3   BANK4   BANK5   BANK6
      Params:         0       0       0       0       0       0       0       0
      Locals:         0       0       0       0       0       0       0       0
      Temps:          0       0       0       0       0       0       0       0
      Totals:         0       0       0       0       0       0       0       0
Total ram usage:        0 bytes
 Hardware stack levels used:    1
 Hardware stack levels required when called:    4
 This function calls:
		Nothing
 This function is called by:
		_LED_PROCESS
 This function uses a non-reentrant model


 *************** function _LED_1_SetHigh *****************
 Defined at:
		line 12 in file "led.c"
 Parameters:    Size  Location     Type
		None
 Auto vars:     Size  Location     Type
		None
 Return value:  Size  Location     Type
                  1    wreg      void 
 Registers used:
		None
 Tracked objects:
		On entry : 
		On exit  : 
		Unchanged: 
 Data sizes:     COMMON   BANK0   BANK1   BANK2   BANK3   BANK4   BANK5   BANK6
      Params:         0       0       0       0       0       0       0       0
      Locals:         0       0       0       0       0       0       0       0
      Temps:          0       0       0       0       0       0       0       0
      Totals:         0       0       0       0       0       0       0       0
Total ram usage:        0 bytes
 Hardware stack levels used:    1
 Hardware stack levels required when called:    4
 This function calls:
		Nothing
 This function is called by:
		_LED_PROCESS
 This function uses a non-reentrant model


 *************** function _INTERRUPT_InterruptManager *****************
 Defined at:
		line 52 in file "mcc_generated_files/interrupt_manager.c"
 Parameters:    Size  Location     Type
		None
 Auto vars:     Size  Location     Type
		None
 Return value:  Size  Location     Type
                  1    wreg      void 
 Registers used:
		wreg, fsr1l, fsr1h, status,2, status,0, pclath, cstack
 Tracked objects:
		On entry : 
		On exit  : 
		Unchanged: 
 Data sizes:     COMMON   BANK0   BANK1   BANK2   BANK3   BANK4   BANK5   BANK6
      Params:         0       0       0       0       0       0       0       0
      Locals:         0       0       0       0       0       0       0       0
      Temps:          0       0       0       0       0       0       0       0
      Totals:         0       0       0       0       0       0       0       0
Total ram usage:        0 bytes
 Hardware stack levels used:    1
 Hardware stack levels required when called:    3
 This function calls:
		Absolute function
		_EUSART_Receive_ISR
		_EUSART_Transmit_ISR
 This function is called by:
		Interrupt level 1
 This function uses a non-reentrant model


 *************** function _EUSART_Transmit_ISR *****************
 Defined at:
		line 203 in file "mcc_generated_files/eusart.c"
 Parameters:    Size  Location     Type
		None
 Auto vars:     Size  Location     Type
		None
 Return value:  Size  Location     Type
                  1    wreg      void 
 Registers used:
		wreg, fsr1l, fsr1h, status,2, status,0
 Tracked objects:
		On entry : 
		On exit  : 
		Unchanged: 
 Data sizes:     COMMON   BANK0   BANK1   BANK2   BANK3   BANK4   BANK5   BANK6
      Params:         0       0       0       0       0       0       0       0
      Locals:         0       0       0       0       0       0       0       0
      Temps:          1       0       0       0       0       0       0       0
      Totals:         1       0       0       0       0       0       0       0
Total ram usage:        1 bytes
 Hardware stack levels used:    1
 This function calls:
		Nothing
 This function is called by:
		_EUSART_Initialize
		_INTERRUPT_InterruptManager
 This function uses a non-reentrant model


 *************** function _EUSART_Receive_ISR *****************
 Defined at:
		line 222 in file "mcc_generated_files/eusart.c"
 Parameters:    Size  Location     Type
		None
 Auto vars:     Size  Location     Type
		None
 Return value:  Size  Location     Type
                  1    wreg      void 
 Registers used:
		wreg, fsr1l, fsr1h, status,2, status,0, pclath, cstack
 Tracked objects:
		On entry : 
		On exit  : 
		Unchanged: 
 Data sizes:     COMMON   BANK0   BANK1   BANK2   BANK3   BANK4   BANK5   BANK6
      Params:         0       0       0       0       0       0       0       0
      Locals:         0       0       0       0       0       0       0       0
      Temps:          0       0       0       0       0       0       0       0
      Totals:         0       0       0       0       0       0       0       0
Total ram usage:        0 bytes
 Hardware stack levels used:    1
 Hardware stack levels required when called:    2
 This function calls:
		Absolute function
		_EUSART_DefaultErrorHandler
		_EUSART_DefaultFramingErrorHandler
		_EUSART_DefaultOverrunErrorHandler
		_EUSART_RxDataHandler
 This function is called by:
		_EUSART_Initialize
		_INTERRUPT_InterruptManager
 This function uses a non-reentrant model


 *************** function _EUSART_DefaultOverrunErrorHandler *****************
 Defined at:
		line 258 in file "mcc_generated_files/eusart.c"
 Parameters:    Size  Location     Type
		None
 Auto vars:     Size  Location     Type
		None
 Return value:  Size  Location     Type
                  1    wreg      void 
 Registers used:
		None
 Tracked objects:
		On entry : 
		On exit  : 
		Unchanged: 
 Data sizes:     COMMON   BANK0   BANK1   BANK2   BANK3   BANK4   BANK5   BANK6
      Params:         0       0       0       0       0       0       0       0
      Locals:         0       0       0       0       0       0       0       0
      Temps:          0       0       0       0       0       0       0       0
      Totals:         0       0       0       0       0       0       0       0
Total ram usage:        0 bytes
 Hardware stack levels used:    1
 This function calls:
		Nothing
 This function is called by:
		_EUSART_Initialize
		_EUSART_Receive_ISR
 This function uses a non-reentrant model


 *************** function _EUSART_DefaultFramingErrorHandler *****************
 Defined at:
		line 256 in file "mcc_generated_files/eusart.c"
 Parameters:    Size  Location     Type
		None
 Auto vars:     Size  Location     Type
		None
 Return value:  Size  Location     Type
                  1    wreg      void 
 Registers used:
		None
 Tracked objects:
		On entry : 
		On exit  : 
		Unchanged: 
 Data sizes:     COMMON   BANK0   BANK1   BANK2   BANK3   BANK4   BANK5   BANK6
      Params:         0       0       0       0       0       0       0       0
      Locals:         0       0       0       0       0       0       0       0
      Temps:          0       0       0       0       0       0       0       0
      Totals:         0       0       0       0       0       0       0       0
Total ram usage:        0 bytes
 Hardware stack levels used:    1
 This function calls:
		Nothing
 This function is called by:
		_EUSART_Initialize
		_EUSART_Receive_ISR
 This function uses a non-reentrant model


 *************** function _EUSART_DefaultErrorHandler *****************
 Defined at:
		line 266 in file "mcc_generated_files/eusart.c"
 Parameters:    Size  Location     Type
		None
 Auto vars:     Size  Location     Type
		None
 Return value:  Size  Location     Type
                  1    wreg      void 
 Registers used:
		wreg, fsr1l, fsr1h, status,2, status,0, pclath, cstack
 Tracked objects:
		On entry : 
		On exit  : 
		Unchanged: 
 Data sizes:     COMMON   BANK0   BANK1   BANK2   BANK3   BANK4   BANK5   BANK6
      Params:         0       0       0       0       0       0       0       0
      Locals:         0       0       0       0       0       0       0       0
      Temps:          0       0       0       0       0       0       0       0
      Totals:         0       0       0       0       0       0       0       0
Total ram usage:        0 bytes
 Hardware stack levels used:    1
 Hardware stack levels required when called:    1
 This function calls:
		_EUSART_RxDataHandler
 This function is called by:
		_EUSART_Initialize
		_EUSART_Receive_ISR
 This function uses a non-reentrant model


 *************** function _EUSART_RxDataHandler *****************
 Defined at:
		line 246 in file "mcc_generated_files/eusart.c"
 Parameters:    Size  Location     Type
		None
 Auto vars:     Size  Location     Type
		None
 Return value:  Size  Location     Type
                  1    wreg      void 
 Registers used:
		wreg, fsr1l, fsr1h, status,2, status,0
 Tracked objects:
		On entry : 
		On exit  : 
		Unchanged: 
 Data sizes:     COMMON   BANK0   BANK1   BANK2   BANK3   BANK4   BANK5   BANK6
      Params:         0       0       0       0       0       0       0       0
      Locals:         0       0       0       0       0       0       0       0
      Temps:          1       0       0       0       0       0       0       0
      Totals:         1       0       0       0       0       0       0       0
Total ram usage:        1 bytes
 Hardware stack levels used:    1
 This function calls:
		Nothing
 This function is called by:
		_EUSART_Receive_ISR
		_EUSART_DefaultErrorHandler
 This function uses a non-reentrant model



MODULE INFORMATION

Module		Function		Class		Link	Load	Size
mcc_generated_files/mtouch/mtouch_button.c
		_Button_Deviation_Update		CODE           	0F7D	0000	132
		_MTOUCH_Button_SetNotPressedCallback		CODE           	16DB	0000	7
		_MTOUCH_Button_isPressed		CODE           	093D	0000	26
		_MTOUCH_Button_Initialize		CODE           	0BBD	0000	50
		_Button_Tick_helper		CODE           	0A06	0000	36
		_MTOUCH_Button_InitializeAll		CODE           	0956	0000	28
		_Button_Baseline_Update		CODE           	0779	0000	136
		_Button_State_Pressed		CODE           	0E4F	0000	93
		_Button_Reading_Update		CODE           	1795	0000	15
		_Button_DefaultCallback		CODE           	16AC	0000	2
		_MTOUCH_Button_Tick		CODE           	16C9	0000	5
		_Button_State_NotPressed		CODE           	05C7	0000	150
		_MTOUCH_Button_SetPressedCallback		CODE           	16E1	0000	7
		_Button_Reading_Update_Helper		CODE           	0D0E	0000	71
		_Button_Service		CODE           	0D54	0000	81
		_Button_State_Initializing		CODE           	0DF4	0000	92
		_MTOUCH_Button_ServiceAll		CODE           	17B1	0000	16
		_Button_Baseline_Initialize		CODE           	0B37	0000	44

mcc_generated_files/mtouch/mtouch_button.c estimated size: 991

C:\Program Files (x86)\Microchip\xc8\v2.05\pic\sources\c99\common\printf.c
		_printf        		CODE           	0814	0000	18

C:\Program Files (x86)\Microchip\xc8\v2.05\pic\sources\c99\common\printf.c estimated size: 18

relay.c
		_RELAY_PROCESS 		CODE           	0924	0000	26

relay.c estimated size: 26

mcc_generated_files/tmr2.c
		_TMR2_LoadPeriodRegister		CODE           	16D1	0000	6
		_TMR2_Initialize		CODE           	173B	0000	9
		_TMR2_StopTimer		CODE           	16B7	0000	4
		_TMR2_StartTimer		CODE           	16B4	0000	4

mcc_generated_files/tmr2.c estimated size: 23

mcc_generated_files/interrupt_manager.c
		_INTERRUPT_InterruptManager		CODE           	0004	0000	32

mcc_generated_files/interrupt_manager.c estimated size: 32

C:\Program Files (x86)\Microchip\xc8\v2.05\pic\sources\c99\common\nf_fputc.c
		_fputc         		CODE           	0C20	0000	54

C:\Program Files (x86)\Microchip\xc8\v2.05\pic\sources\c99\common\nf_fputc.c estimated size: 54

mcc_generated_files/mtouch/mtouch.c
		_MTOUCH_Tick   		CODE           	16BA	0000	4
		_MTOUCH_Initialize		CODE           	1762	0000	13
		_MTOUCH_Service_Mainloop		CODE           	0971	0000	29
		_MTOUCH_needReburst		CODE           	0002	0000	3

mcc_generated_files/mtouch/mtouch.c estimated size: 49

mcc_generated_files/pin_manager.c
		_PIN_MANAGER_Initialize		CODE           	098D	0000	30

mcc_generated_files/pin_manager.c estimated size: 30

C:\Program Files (x86)\Microchip\xc8\v2.05\pic\sources\c99\common\strlen.c
		_strlen        		CODE           	08F3	0000	25

C:\Program Files (x86)\Microchip\xc8\v2.05\pic\sources\c99\common\strlen.c estimated size: 25

C:\Program Files (x86)\Microchip\xc8\v2.05\pic\sources\c99\common\Umul8.c
		___bmul        		CODE           	0803	0000	18

C:\Program Files (x86)\Microchip\xc8\v2.05\pic\sources\c99\common\Umul8.c estimated size: 18

C:\Program Files (x86)\Microchip\xc8\v2.05\pic\sources\c99\common\doprnt.c
		_vfpfcnvrt     		CODE           	051F	0000	169
		_pad           		CODE           	0DA4	0000	81
		_ctoa          		CODE           	0AE4	0000	42
		_vfprintf      		CODE           	0B8E	0000	48

C:\Program Files (x86)\Microchip\xc8\v2.05\pic\sources\c99\common\doprnt.c estimated size: 340

shared
		Sensor_Scanfrequency_Evaluation@frequency_hop		STRCODE        	180F	0000	6
		_sensor_scan_group		STRCODE        	1821	0000	3
		__initialization		CODE           	0025	0000	49
		_mtouch_button_init		STRCODE        	1000	0000	17

shared estimated size: 75

mcc_generated_files/mcc.c
		_WDT_Initialize		CODE           	16CD	0000	5
		_OSCILLATOR_Initialize		CODE           	1705	0000	7
		_SYSTEM_Initialize		CODE           	0825	0000	19

mcc_generated_files/mcc.c estimated size: 31

C:\Program Files (x86)\Microchip\xc8\v2.05\pic\sources\c99\common\abs.c
		_abs           		CODE           	08DC	0000	24

C:\Program Files (x86)\Microchip\xc8\v2.05\pic\sources\c99\common\abs.c estimated size: 24

C:\Program Files (x86)\Microchip\xc8\v2.05\pic\sources\c99\common\nf_fputs.c
		_fputs         		CODE           	0A97	0000	39

C:\Program Files (x86)\Microchip\xc8\v2.05\pic\sources\c99\common\nf_fputs.c estimated size: 39

mcc_generated_files/eusart.c
		_EUSART_SetRxInterruptHandler		CODE           	16F9	0000	7
		_EUSART_SetTxInterruptHandler		CODE           	16FF	0000	7
		_putch         		CODE           	16D6	0000	6
		_EUSART_Read   		CODE           	0A4C	0000	38
		_EUSART_DefaultOverrunErrorHandler		CODE           	16BD	0000	5
		_EUSART_Write  		CODE           	0A29	0000	36
		_EUSART_DefaultErrorHandler		CODE           	16AE	0000	4
		_EUSART_Transmit_ISR		CODE           	09AA	0000	31
		_EUSART_Initialize		CODE           	0CCD	0000	66
		_EUSART_SetFramingErrorHandler		CODE           	16ED	0000	7
		_EUSART_SetErrorHandler		CODE           	16E7	0000	7
		_EUSART_SetOverrunErrorHandler		CODE           	16F3	0000	7
		_EUSART_Receive_ISR		CODE           	0BEE	0000	51
		_EUSART_RxDataHandler		CODE           	08C5	0000	24
		_EUSART_DefaultFramingErrorHandler		CODE           	16AB	0000	2
		_EUSART_is_rx_ready		CODE           	16B1	0000	4

mcc_generated_files/eusart.c estimated size: 302

C:\Program Files (x86)\Microchip\xc8\v2.05\pic\sources\c99\common\memcpy.c
		_memcpy        		CODE           	0B0D	0000	43

C:\Program Files (x86)\Microchip\xc8\v2.05\pic\sources\c99\common\memcpy.c estimated size: 43

main.c
		_check_data    		CODE           	09E6	0000	33
		_myButtonReleasedCallback		CODE           	174C	0000	11
		_main          		CODE           	0059	0000	606
		_check_message 		CODE           	0ABD	0000	40
		_update_state  		CODE           	09C8	0000	31
		_myButtonPressedCallback		CODE           	085D	0000	21
		_DATA_PROCESS  		CODE           	0C8C	0000	66

main.c estimated size: 808

mcc_generated_files/mtouch/mtouch_sensor.c
		_Sensor_setCalibrated		CODE           	1756	0000	13
		_Sensor_Acq_ExecutePacket		CODE           	02B6	0000	447
		_Sensor_getScanGroupIndex		CODE           	0B62	0000	45
		_Sensor_Acquisition		CODE           	0EAB	0000	93
		_Sensor_postAcquisitionProcess		CODE           	0C55	0000	56
		_Sensor_isCalibrated		CODE           	1743	0000	10
		_MTOUCH_Sensor_Initialize		CODE           	089A	0000	22
		_Sensor_Sampled_Reset		CODE           	172C	0000	8
		_MTOUCH_Sensor_InitializeAll		CODE           	1788	0000	14
		_Sensor_DefaultCallback		CODE           	16AD	0000	2
		_Sensor_loadADCSettings		CODE           	0474	0000	172
		_Sensor_isEnabled		CODE           	17E0	0000	17
		_MTOUCH_Sensor_isCalibrated		CODE           	0871	0000	21
		_MTOUCH_Sensor_Calibrate		CODE           	17C0	0000	17
		_MTOUCH_Sensor_Sampled_ResetAll		CODE           	0837	0000	20
		_Sensor_setActive		CODE           	1717	0000	8
		_Sensor_Scanfrequency_Evaluation		CODE           	0F07	0000	119
		_MTOUCH_Sensor_Enable		CODE           	17F0	0000	17
		_Sensor_setSampled		CODE           	1725	0000	8
		_Sensor_isCalibratingAcqTime		CODE           	1733	0000	9
		_MTOUCH_Sensor_RawSample_Get		CODE           	08AF	0000	23
		_MTOUCH_Sensor_SampleAll		CODE           	0885	0000	22
		_MTOUCH_Sensor_wasSampled		CODE           	17A3	0000	15
		_Sensor_Service		CODE           	065C	0000	148
		_Sensor_autoCalibration		CODE           	06EF	0000	139
		_MTOUCH_Sensor_Scan_Initialize		CODE           	17D0	0000	17
		_Sensor_RawSample_Update		CODE           	0A71	0000	39
		_Sensor_isActive		CODE           	177B	0000	14
		_Sensor_setCalibratAcqTime		CODE           	176E	0000	14
		_Sensor_setInactive		CODE           	171E	0000	8

mcc_generated_files/mtouch/mtouch_sensor.c estimated size: 1557

led.c
		_LED_1_SetLow  		CODE           	16C5	0000	5
		_LED_PROCESS   		CODE           	090B	0000	26
		_LED_1_SetHigh 		CODE           	16C1	0000	5

led.c estimated size: 36

